------------------------------------------------------------
TimeQuest Timing Analyzer Summary
------------------------------------------------------------

Type  : Setup 'TD_CLK27'
Slack : -5.720
TNS   : -182.855

Type  : Setup 'CLOCK_50'
Slack : -1.354
TNS   : -1.354

Type  : Setup 'altera_reserved_tck'
Slack : 7.338
TNS   : 0.000

Type  : Setup 'Generate_Arbitrary_Divided_Clk32:Generate_LCD_scope_Clk|var_clk_div32:Div_Clk|tc_reg'
Slack : 13.831
TNS   : 0.000

Type  : Setup 'Write_Kbd_To_Scope_LCD:Write_Kbd_To_LCD1|state[9]'
Slack : 14.475
TNS   : 0.000

Type  : Setup 'Generate_Arbitrary_Divided_Clk32:Gen_2Hz_clk|var_clk_div32:Div_Clk|tc_reg'
Slack : 14.484
TNS   : 0.000

Type  : Setup 'audio_controller:audio_control|audio_clock:u4|LRCK_1X'
Slack : 15.405
TNS   : 0.000

Type  : Setup 'doublesync:ps2c_doublsync|reg2'
Slack : 15.990
TNS   : 0.000

Type  : Setup 'audio_controller:audio_control|TFF_power_of_2_division_counter_with_auto_phase_inversion:generate_aud_ctrl_clk|widereg:div_regs_gen[1].div_reg|outdata[0]'
Slack : 16.651
TNS   : 0.000

Type  : Setup 'audio_controller:audio_control|TFF_power_of_2_division_counter_with_auto_phase_inversion:generate_aud_ctrl_clk|widereg:div_reg_top|outdata[0]'
Slack : 17.421
TNS   : 0.000

Type  : Setup 'Generate_Arbitrary_Divided_Clk32:Gen_1KHz_clk|var_clk_div32:Div_Clk|tc_reg'
Slack : 17.567
TNS   : 0.000

Type  : Setup 'Write_Kbd_To_Scope_LCD:Write_Kbd_To_LCD1|state[4]'
Slack : 34.292
TNS   : 0.000

Type  : Setup 'audio_controller:audio_control|I2C_AV_Config:u3|mI2C_CTRL_CLK'
Slack : 34.689
TNS   : 0.000

Type  : Setup 'audio_controller:audio_control|audio_clock:u4|oAUD_BCK'
Slack : 36.509
TNS   : 0.000

Type  : Setup 'Write_Kbd_To_Scope_LCD:Write_Kbd_To_LCD1|state[6]'
Slack : 37.522
TNS   : 0.000

Type  : Hold 'Generate_Arbitrary_Divided_Clk32:Generate_LCD_scope_Clk|var_clk_div32:Div_Clk|tc_reg'
Slack : 0.096
TNS   : 0.000

Type  : Hold 'CLOCK_50'
Slack : 0.218
TNS   : 0.000

Type  : Hold 'audio_controller:audio_control|I2C_AV_Config:u3|mI2C_CTRL_CLK'
Slack : 0.274
TNS   : 0.000

Type  : Hold 'Generate_Arbitrary_Divided_Clk32:Gen_1KHz_clk|var_clk_div32:Div_Clk|tc_reg'
Slack : 0.290
TNS   : 0.000

Type  : Hold 'TD_CLK27'
Slack : 0.381
TNS   : 0.000

Type  : Hold 'doublesync:ps2c_doublsync|reg2'
Slack : 0.426
TNS   : 0.000

Type  : Hold 'altera_reserved_tck'
Slack : 0.427
TNS   : 0.000

Type  : Hold 'audio_controller:audio_control|TFF_power_of_2_division_counter_with_auto_phase_inversion:generate_aud_ctrl_clk|widereg:div_regs_gen[1].div_reg|outdata[0]'
Slack : 0.596
TNS   : 0.000

Type  : Hold 'Write_Kbd_To_Scope_LCD:Write_Kbd_To_LCD1|state[4]'
Slack : 0.687
TNS   : 0.000

Type  : Hold 'audio_controller:audio_control|audio_clock:u4|oAUD_BCK'
Slack : 0.741
TNS   : 0.000

Type  : Hold 'Write_Kbd_To_Scope_LCD:Write_Kbd_To_LCD1|state[6]'
Slack : 0.774
TNS   : 0.000

Type  : Hold 'audio_controller:audio_control|TFF_power_of_2_division_counter_with_auto_phase_inversion:generate_aud_ctrl_clk|widereg:div_reg_top|outdata[0]'
Slack : 0.830
TNS   : 0.000

Type  : Hold 'audio_controller:audio_control|audio_clock:u4|LRCK_1X'
Slack : 2.268
TNS   : 0.000

Type  : Hold 'Generate_Arbitrary_Divided_Clk32:Gen_2Hz_clk|var_clk_div32:Div_Clk|tc_reg'
Slack : 2.837
TNS   : 0.000

Type  : Hold 'Write_Kbd_To_Scope_LCD:Write_Kbd_To_LCD1|state[9]'
Slack : 20.649
TNS   : 0.000

Type  : Recovery 'speed_down_event_trigger'
Slack : 4.915
TNS   : 0.000

Type  : Recovery 'doublesync:ps2c_doublsync|reg2'
Slack : 5.020
TNS   : 0.000

Type  : Recovery 'speed_up_event_trigger'
Slack : 5.031
TNS   : 0.000

Type  : Recovery 'Kbd_ctrl:Kbd_Controller|data_ready'
Slack : 5.196
TNS   : 0.000

Type  : Recovery 'CLOCK_50'
Slack : 6.440
TNS   : 0.000

Type  : Recovery 'Write_Kbd_To_Scope_LCD:Write_Kbd_To_LCD1|state[5]'
Slack : 15.032
TNS   : 0.000

Type  : Recovery 'Write_Kbd_To_Scope_LCD:Write_Kbd_To_LCD1|state[6]'
Slack : 15.321
TNS   : 0.000

Type  : Recovery 'audio_controller:audio_control|audio_clock:u4|oAUD_BCK'
Slack : 15.403
TNS   : 0.000

Type  : Recovery 'audio_controller:audio_control|TFF_power_of_2_division_counter_with_auto_phase_inversion:generate_aud_ctrl_clk|widereg:div_regs_gen[1].div_reg|outdata[0]'
Slack : 15.606
TNS   : 0.000

Type  : Recovery 'doublesync:key2_doublsync|reg2'
Slack : 15.672
TNS   : 0.000

Type  : Recovery 'altera_reserved_tck'
Slack : 28.011
TNS   : 0.000

Type  : Removal 'CLOCK_50'
Slack : 0.544
TNS   : 0.000

Type  : Removal 'altera_reserved_tck'
Slack : 0.772
TNS   : 0.000

Type  : Removal 'doublesync:ps2c_doublsync|reg2'
Slack : 1.853
TNS   : 0.000

Type  : Removal 'audio_controller:audio_control|TFF_power_of_2_division_counter_with_auto_phase_inversion:generate_aud_ctrl_clk|widereg:div_regs_gen[1].div_reg|outdata[0]'
Slack : 2.334
TNS   : 0.000

Type  : Removal 'doublesync:key2_doublsync|reg2'
Slack : 2.779
TNS   : 0.000

Type  : Removal 'audio_controller:audio_control|audio_clock:u4|oAUD_BCK'
Slack : 2.835
TNS   : 0.000

Type  : Removal 'Write_Kbd_To_Scope_LCD:Write_Kbd_To_LCD1|state[5]'
Slack : 3.000
TNS   : 0.000

Type  : Removal 'Write_Kbd_To_Scope_LCD:Write_Kbd_To_LCD1|state[6]'
Slack : 3.124
TNS   : 0.000

Type  : Removal 'Kbd_ctrl:Kbd_Controller|data_ready'
Slack : 13.039
TNS   : 0.000

Type  : Removal 'speed_up_event_trigger'
Slack : 13.199
TNS   : 0.000

Type  : Removal 'speed_down_event_trigger'
Slack : 13.325
TNS   : 0.000

Type  : Minimum Pulse Width 'CLOCK_50'
Slack : 8.510
TNS   : 0.000

Type  : Minimum Pulse Width 'altera_reserved_tck'
Slack : 14.952
TNS   : 0.000

Type  : Minimum Pulse Width 'TD_CLK27'
Slack : 17.731
TNS   : 0.000

Type  : Minimum Pulse Width 'Generate_Arbitrary_Divided_Clk32:Generate_LCD_scope_Clk|var_clk_div32:Div_Clk|tc_reg'
Slack : 18.678
TNS   : 0.000

Type  : Minimum Pulse Width 'doublesync:ps2c_doublsync|reg2'
Slack : 19.267
TNS   : 0.000

Type  : Minimum Pulse Width 'audio_controller:audio_control|I2C_AV_Config:u3|mI2C_CTRL_CLK'
Slack : 19.279
TNS   : 0.000

Type  : Minimum Pulse Width 'Write_Kbd_To_Scope_LCD:Write_Kbd_To_LCD1|state[4]'
Slack : 19.285
TNS   : 0.000

Type  : Minimum Pulse Width 'audio_controller:audio_control|TFF_power_of_2_division_counter_with_auto_phase_inversion:generate_aud_ctrl_clk|widereg:div_reg_top|outdata[0]'
Slack : 19.285
TNS   : 0.000

Type  : Minimum Pulse Width 'audio_controller:audio_control|audio_clock:u4|LRCK_1X'
Slack : 19.291
TNS   : 0.000

Type  : Minimum Pulse Width 'Write_Kbd_To_Scope_LCD:Write_Kbd_To_LCD1|state[5]'
Slack : 19.350
TNS   : 0.000

Type  : Minimum Pulse Width 'Generate_Arbitrary_Divided_Clk32:Gen_2Hz_clk|var_clk_div32:Div_Clk|tc_reg'
Slack : 19.379
TNS   : 0.000

Type  : Minimum Pulse Width 'audio_controller:audio_control|TFF_power_of_2_division_counter_with_auto_phase_inversion:generate_aud_ctrl_clk|widereg:div_regs_gen[1].div_reg|outdata[0]'
Slack : 19.379
TNS   : 0.000

Type  : Minimum Pulse Width 'Generate_Arbitrary_Divided_Clk32:Gen_1KHz_clk|var_clk_div32:Div_Clk|tc_reg'
Slack : 19.386
TNS   : 0.000

Type  : Minimum Pulse Width 'doublesync:key2_doublsync|reg2'
Slack : 19.386
TNS   : 0.000

Type  : Minimum Pulse Width 'Kbd_ctrl:Kbd_Controller|data_ready'
Slack : 19.388
TNS   : 0.000

Type  : Minimum Pulse Width 'Write_Kbd_To_Scope_LCD:Write_Kbd_To_LCD1|state[6]'
Slack : 19.393
TNS   : 0.000

Type  : Minimum Pulse Width 'Write_Kbd_To_Scope_LCD:Write_Kbd_To_LCD1|state[9]'
Slack : 19.403
TNS   : 0.000

Type  : Minimum Pulse Width 'speed_down_event_trigger'
Slack : 19.407
TNS   : 0.000

Type  : Minimum Pulse Width 'speed_up_event_trigger'
Slack : 19.409
TNS   : 0.000

Type  : Minimum Pulse Width 'audio_controller:audio_control|audio_clock:u4|oAUD_BCK'
Slack : 19.434
TNS   : 0.000

------------------------------------------------------------
